main.c:71:5:main	8	static
main.c:150:6:blink	16	static
main.c:164:6:blink1	24	static
main.c:186:6:bootloader_jump_to_user_app1	24	static,ignoring_inline_asm
main.c:207:6:bootloader_jump_to_user_app2	24	static,ignoring_inline_asm
main.c:228:6:bootloader_jump_to_bootloader	24	static,ignoring_inline_asm
main.c:251:7:printmsg	4	static
main.c:267:6:SystemClock_Config	88	static
main.c:315:13:MX_USART2_UART_Init	8	static
main.c:348:13:MX_USART3_UART_Init	8	static
main.c:381:13:MX_GPIO_Init	48	static
main.c:427:6:Error_Handler	4	static,ignoring_inline_asm
