Archive member included to satisfy reference by file (symbol)

c:/st/stm32cubeide_1.8.0/stm32cubeide/plugins/com.st.stm32cube.ide.mcu.externaltools.gnu-tools-for-stm32.9-2020-q2-update.win32_2.0.0.202105311346/tools/bin/../lib/gcc/arm-none-eabi/9.3.1/../../../../arm-none-eabi/lib/thumb/v7e-m+fp/hard\libc_nano.a(lib_a-errno.o)
                              ./Core/Src/syscalls.o (__errno)
c:/st/stm32cubeide_1.8.0/stm32cubeide/plugins/com.st.stm32cube.ide.mcu.externaltools.gnu-tools-for-stm32.9-2020-q2-update.win32_2.0.0.202105311346/tools/bin/../lib/gcc/arm-none-eabi/9.3.1/../../../../arm-none-eabi/lib/thumb/v7e-m+fp/hard\libc_nano.a(lib_a-exit.o)
                              c:/st/stm32cubeide_1.8.0/stm32cubeide/plugins/com.st.stm32cube.ide.mcu.externaltools.gnu-tools-for-stm32.9-2020-q2-update.win32_2.0.0.202105311346/tools/bin/../lib/gcc/arm-none-eabi/9.3.1/../../../../arm-none-eabi/lib/thumb/v7e-m+fp/hard/crt0.o (exit)
c:/st/stm32cubeide_1.8.0/stm32cubeide/plugins/com.st.stm32cube.ide.mcu.externaltools.gnu-tools-for-stm32.9-2020-q2-update.win32_2.0.0.202105311346/tools/bin/../lib/gcc/arm-none-eabi/9.3.1/../../../../arm-none-eabi/lib/thumb/v7e-m+fp/hard\libc_nano.a(lib_a-impure.o)
                              c:/st/stm32cubeide_1.8.0/stm32cubeide/plugins/com.st.stm32cube.ide.mcu.externaltools.gnu-tools-for-stm32.9-2020-q2-update.win32_2.0.0.202105311346/tools/bin/../lib/gcc/arm-none-eabi/9.3.1/../../../../arm-none-eabi/lib/thumb/v7e-m+fp/hard\libc_nano.a(lib_a-exit.o) (_global_impure_ptr)
c:/st/stm32cubeide_1.8.0/stm32cubeide/plugins/com.st.stm32cube.ide.mcu.externaltools.gnu-tools-for-stm32.9-2020-q2-update.win32_2.0.0.202105311346/tools/bin/../lib/gcc/arm-none-eabi/9.3.1/../../../../arm-none-eabi/lib/thumb/v7e-m+fp/hard\libc_nano.a(lib_a-init.o)
                              c:/st/stm32cubeide_1.8.0/stm32cubeide/plugins/com.st.stm32cube.ide.mcu.externaltools.gnu-tools-for-stm32.9-2020-q2-update.win32_2.0.0.202105311346/tools/bin/../lib/gcc/arm-none-eabi/9.3.1/../../../../arm-none-eabi/lib/thumb/v7e-m+fp/hard/crt0.o (__libc_init_array)
c:/st/stm32cubeide_1.8.0/stm32cubeide/plugins/com.st.stm32cube.ide.mcu.externaltools.gnu-tools-for-stm32.9-2020-q2-update.win32_2.0.0.202105311346/tools/bin/../lib/gcc/arm-none-eabi/9.3.1/../../../../arm-none-eabi/lib/thumb/v7e-m+fp/hard\libc_nano.a(lib_a-memset.o)
                              c:/st/stm32cubeide_1.8.0/stm32cubeide/plugins/com.st.stm32cube.ide.mcu.externaltools.gnu-tools-for-stm32.9-2020-q2-update.win32_2.0.0.202105311346/tools/bin/../lib/gcc/arm-none-eabi/9.3.1/../../../../arm-none-eabi/lib/thumb/v7e-m+fp/hard/crt0.o (memset)
c:/st/stm32cubeide_1.8.0/stm32cubeide/plugins/com.st.stm32cube.ide.mcu.externaltools.gnu-tools-for-stm32.9-2020-q2-update.win32_2.0.0.202105311346/tools/bin/../lib/gcc/arm-none-eabi/9.3.1/thumb/v7e-m+fp/hard\libgcc.a(_aeabi_uldivmod.o)
                              ./Drivers/STM32F4xx_HAL_Driver/Src/stm32f4xx_hal_rcc.o (__aeabi_uldivmod)
c:/st/stm32cubeide_1.8.0/stm32cubeide/plugins/com.st.stm32cube.ide.mcu.externaltools.gnu-tools-for-stm32.9-2020-q2-update.win32_2.0.0.202105311346/tools/bin/../lib/gcc/arm-none-eabi/9.3.1/thumb/v7e-m+fp/hard\libgcc.a(_udivmoddi4.o)
                              c:/st/stm32cubeide_1.8.0/stm32cubeide/plugins/com.st.stm32cube.ide.mcu.externaltools.gnu-tools-for-stm32.9-2020-q2-update.win32_2.0.0.202105311346/tools/bin/../lib/gcc/arm-none-eabi/9.3.1/thumb/v7e-m+fp/hard\libgcc.a(_aeabi_uldivmod.o) (__udivmoddi4)
c:/st/stm32cubeide_1.8.0/stm32cubeide/plugins/com.st.stm32cube.ide.mcu.externaltools.gnu-tools-for-stm32.9-2020-q2-update.win32_2.0.0.202105311346/tools/bin/../lib/gcc/arm-none-eabi/9.3.1/thumb/v7e-m+fp/hard\libgcc.a(_dvmd_tls.o)
                              c:/st/stm32cubeide_1.8.0/stm32cubeide/plugins/com.st.stm32cube.ide.mcu.externaltools.gnu-tools-for-stm32.9-2020-q2-update.win32_2.0.0.202105311346/tools/bin/../lib/gcc/arm-none-eabi/9.3.1/thumb/v7e-m+fp/hard\libgcc.a(_aeabi_uldivmod.o) (__aeabi_ldiv0)

Allocating common symbols
Common symbol       size              file

p                   0x4               ./Core/Src/main.o
huart3              0x44              ./Core/Src/main.o
uwTick              0x4               ./Drivers/STM32F4xx_HAL_Driver/Src/stm32f4xx_hal.o
pFlash              0x20              ./Drivers/STM32F4xx_HAL_Driver/Src/stm32f4xx_hal_flash.o
SeriaRecieve        0x4               ./Core/Src/main.o
RxData              0x64              ./Core/Src/main.o
huart2              0x44              ./Core/Src/main.o

Discarded input sections

 .text          0x0000000000000000        0x0 c:/st/stm32cubeide_1.8.0/stm32cubeide/plugins/com.st.stm32cube.ide.mcu.externaltools.gnu-tools-for-stm32.9-2020-q2-update.win32_2.0.0.202105311346/tools/bin/../lib/gcc/arm-none-eabi/9.3.1/thumb/v7e-m+fp/hard/crti.o
[...]
Memory Configuration

Name             Origin             Length             Attributes
RAM              0x0000000020000000 0x0000000000020000 xrw
FLASH            0x0000000008008000 0x0000000000008000 xr
*default*        0x0000000000000000 0xffffffffffffffff

Linker script and memory map

LOAD c:/st/stm32cubeide_1.8.0/stm32cubeide/plugins/com.st.stm32cube.ide.mcu.externaltools.gnu-tools-for-stm32.9-2020-q2-update.win32_2.0.0.202105311346/tools/bin/../lib/gcc/arm-none-eabi/9.3.1/thumb/v7e-m+fp/hard/crti.o
LOAD c:/st/stm32cubeide_1.8.0/stm32cubeide/plugins/com.st.stm32cube.ide.mcu.externaltools.gnu-tools-for-stm32.9-2020-q2-update.win32_2.0.0.202105311346/tools/bin/../lib/gcc/arm-none-eabi/9.3.1/thumb/v7e-m+fp/hard/crtbegin.o
LOAD c:/st/stm32cubeide_1.8.0/stm32cubeide/plugins/com.st.stm32cube.ide.mcu.externaltools.gnu-tools-for-stm32.9-2020-q2-update.win32_2.0.0.202105311346/tools/bin/../lib/gcc/arm-none-eabi/9.3.1/../../../../arm-none-eabi/lib/thumb/v7e-m+fp/hard/crt0.o
LOAD ./Core/Src/main.o
LOAD ./Core/Src/stm32f4xx_hal_msp.o
LOAD ./Core/Src/stm32f4xx_it.o
LOAD ./Core/Src/syscalls.o
LOAD ./Core/Src/sysmem.o
LOAD ./Core/Src/system_stm32f4xx.o
LOAD ./Core/Startup/startup_stm32f446retx.o
LOAD ./Drivers/STM32F4xx_HAL_Driver/Src/stm32f4xx_hal.o
LOAD ./Drivers/STM32F4xx_HAL_Driver/Src/stm32f4xx_hal_cortex.o
LOAD ./Drivers/STM32F4xx_HAL_Driver/Src/stm32f4xx_hal_dma.o
LOAD ./Drivers/STM32F4xx_HAL_Driver/Src/stm32f4xx_hal_dma_ex.o
LOAD ./Drivers/STM32F4xx_HAL_Driver/Src/stm32f4xx_hal_exti.o
LOAD ./Drivers/STM32F4xx_HAL_Driver/Src/stm32f4xx_hal_flash.o
LOAD ./Drivers/STM32F4xx_HAL_Driver/Src/stm32f4xx_hal_flash_ex.o
LOAD ./Drivers/STM32F4xx_HAL_Driver/Src/stm32f4xx_hal_flash_ramfunc.o
LOAD ./Drivers/STM32F4xx_HAL_Driver/Src/stm32f4xx_hal_gpio.o
LOAD ./Drivers/STM32F4xx_HAL_Driver/Src/stm32f4xx_hal_pwr.o
LOAD ./Drivers/STM32F4xx_HAL_Driver/Src/stm32f4xx_hal_pwr_ex.o
LOAD ./Drivers/STM32F4xx_HAL_Driver/Src/stm32f4xx_hal_rcc.o
LOAD ./Drivers/STM32F4xx_HAL_Driver/Src/stm32f4xx_hal_rcc_ex.o
LOAD ./Drivers/STM32F4xx_HAL_Driver/Src/stm32f4xx_hal_tim.o
LOAD ./Drivers/STM32F4xx_HAL_Driver/Src/stm32f4xx_hal_tim_ex.o
LOAD ./Drivers/STM32F4xx_HAL_Driver/Src/stm32f4xx_hal_uart.o
START GROUP
LOAD c:/st/stm32cubeide_1.8.0/stm32cubeide/plugins/com.st.stm32cube.ide.mcu.externaltools.gnu-tools-for-stm32.9-2020-q2-update.win32_2.0.0.202105311346/tools/bin/../lib/gcc/arm-none-eabi/9.3.1/../../../../arm-none-eabi/lib/thumb/v7e-m+fp/hard\libc_nano.a
LOAD c:/st/stm32cubeide_1.8.0/stm32cubeide/plugins/com.st.stm32cube.ide.mcu.externaltools.gnu-tools-for-stm32.9-2020-q2-update.win32_2.0.0.202105311346/tools/bin/../lib/gcc/arm-none-eabi/9.3.1/../../../../arm-none-eabi/lib/thumb/v7e-m+fp/hard\libm.a
END GROUP
START GROUP
LOAD c:/st/stm32cubeide_1.8.0/stm32cubeide/plugins/com.st.stm32cube.ide.mcu.externaltools.gnu-tools-for-stm32.9-2020-q2-update.win32_2.0.0.202105311346/tools/bin/../lib/gcc/arm-none-eabi/9.3.1/thumb/v7e-m+fp/hard\libgcc.a
LOAD c:/st/stm32cubeide_1.8.0/stm32cubeide/plugins/com.st.stm32cube.ide.mcu.externaltools.gnu-tools-for-stm32.9-2020-q2-update.win32_2.0.0.202105311346/tools/bin/../lib/gcc/arm-none-eabi/9.3.1/../../../../arm-none-eabi/lib/thumb/v7e-m+fp/hard\libc_nano.a
END GROUP
START GROUP
LOAD c:/st/stm32cubeide_1.8.0/stm32cubeide/plugins/com.st.stm32cube.ide.mcu.externaltools.gnu-tools-for-stm32.9-2020-q2-update.win32_2.0.0.202105311346/tools/bin/../lib/gcc/arm-none-eabi/9.3.1/thumb/v7e-m+fp/hard\libgcc.a
LOAD c:/st/stm32cubeide_1.8.0/stm32cubeide/plugins/com.st.stm32cube.ide.mcu.externaltools.gnu-tools-for-stm32.9-2020-q2-update.win32_2.0.0.202105311346/tools/bin/../lib/gcc/arm-none-eabi/9.3.1/../../../../arm-none-eabi/lib/thumb/v7e-m+fp/hard\libc_nano.a
LOAD c:/st/stm32cubeide_1.8.0/stm32cubeide/plugins/com.st.stm32cube.ide.mcu.externaltools.gnu-tools-for-stm32.9-2020-q2-update.win32_2.0.0.202105311346/tools/bin/../lib/gcc/arm-none-eabi/9.3.1/../../../../arm-none-eabi/lib/thumb/v7e-m+fp/hard\libnosys.a
END GROUP
START GROUP
LOAD c:/st/stm32cubeide_1.8.0/stm32cubeide/plugins/com.st.stm32cube.ide.mcu.externaltools.gnu-tools-for-stm32.9-2020-q2-update.win32_2.0.0.202105311346/tools/bin/../lib/gcc/arm-none-eabi/9.3.1/thumb/v7e-m+fp/hard\libgcc.a
LOAD c:/st/stm32cubeide_1.8.0/stm32cubeide/plugins/com.st.stm32cube.ide.mcu.externaltools.gnu-tools-for-stm32.9-2020-q2-update.win32_2.0.0.202105311346/tools/bin/../lib/gcc/arm-none-eabi/9.3.1/../../../../arm-none-eabi/lib/thumb/v7e-m+fp/hard\libc_nano.a
LOAD c:/st/stm32cubeide_1.8.0/stm32cubeide/plugins/com.st.stm32cube.ide.mcu.externaltools.gnu-tools-for-stm32.9-2020-q2-update.win32_2.0.0.202105311346/tools/bin/../lib/gcc/arm-none-eabi/9.3.1/../../../../arm-none-eabi/lib/thumb/v7e-m+fp/hard\libnosys.a
END GROUP
LOAD c:/st/stm32cubeide_1.8.0/stm32cubeide/plugins/com.st.stm32cube.ide.mcu.externaltools.gnu-tools-for-stm32.9-2020-q2-update.win32_2.0.0.202105311346/tools/bin/../lib/gcc/arm-none-eabi/9.3.1/thumb/v7e-m+fp/hard/crtend.o
LOAD c:/st/stm32cubeide_1.8.0/stm32cubeide/plugins/com.st.stm32cube.ide.mcu.externaltools.gnu-tools-for-stm32.9-2020-q2-update.win32_2.0.0.202105311346/tools/bin/../lib/gcc/arm-none-eabi/9.3.1/thumb/v7e-m+fp/hard/crtn.o
                0x0000000020020000                _estack = (ORIGIN (RAM) + LENGTH (RAM))
                0x0000000000000200                _Min_Heap_Size = 0x200
                0x0000000000000400                _Min_Stack_Size = 0x400

.isr_vector     0x0000000008008000      0x1c4
                0x0000000008008000                . = ALIGN (0x4)
 *(.isr_vector)
 .isr_vector    0x0000000008008000      0x1c4 ./Core/Startup/startup_stm32f446retx.o
                0x0000000008008000                g_pfnVectors
                0x00000000080081c4                . = ALIGN (0x4)

.text           0x00000000080081c4     0x2c5c
                0x00000000080081c4                . = ALIGN (0x4)
 *(.text)
 .text          0x00000000080081c4       0x40 c:/st/stm32cubeide_1.8.0/stm32cubeide/plugins/com.st.stm32cube.ide.mcu.externaltools.gnu-tools-for-stm32.9-2020-q2-update.win32_2.0.0.202105311346/tools/bin/../lib/gcc/arm-none-eabi/9.3.1/thumb/v7e-m+fp/hard/crtbegin.o
 .text          0x0000000008008204       0x30 c:/st/stm32cubeide_1.8.0/stm32cubeide/plugins/com.st.stm32cube.ide.mcu.externaltools.gnu-tools-for-stm32.9-2020-q2-update.win32_2.0.0.202105311346/tools/bin/../lib/gcc/arm-none-eabi/9.3.1/thumb/v7e-m+fp/hard\libgcc.a(_aeabi_uldivmod.o)
                0x0000000008008204                __aeabi_uldivmod
 .text          0x0000000008008234      0x2c4 c:/st/stm32cubeide_1.8.0/stm32cubeide/plugins/com.st.stm32cube.ide.mcu.externaltools.gnu-tools-for-stm32.9-2020-q2-update.win32_2.0.0.202105311346/tools/bin/../lib/gcc/arm-none-eabi/9.3.1/thumb/v7e-m+fp/hard\libgcc.a(_udivmoddi4.o)
                0x0000000008008234                __udivmoddi4
 .text          0x00000000080084f8        0x4 c:/st/stm32cubeide_1.8.0/stm32cubeide/plugins/com.st.stm32cube.ide.mcu.externaltools.gnu-tools-for-stm32.9-2020-q2-update.win32_2.0.0.202105311346/tools/bin/../lib/gcc/arm-none-eabi/9.3.1/thumb/v7e-m+fp/hard\libgcc.a(_dvmd_tls.o)
                0x00000000080084f8                __aeabi_idiv0
                0x00000000080084f8                __aeabi_ldiv0
 *(.text*)
 .text.main     0x00000000080084fc       0xdc ./Core/Src/main.o
                0x00000000080084fc                main
 .text.blink1   0x00000000080085d8       0x68 ./Core/Src/main.o
                0x00000000080085d8                blink1
 .text.bootloader_jump_to_user_app1
                0x0000000008008640       0x58 ./Core/Src/main.o
                0x0000000008008640                bootloader_jump_to_user_app1
 .text.bootloader_jump_to_user_app2
                0x0000000008008698       0x58 ./Core/Src/main.o
                0x0000000008008698                bootloader_jump_to_user_app2
 .text.bootloader_jump_to_bootloader
                0x00000000080086f0       0x64 ./Core/Src/main.o
                0x00000000080086f0                bootloader_jump_to_bootloader
 .text.printmsg
                0x0000000008008754       0x12 ./Core/Src/main.o
                0x0000000008008754                printmsg
 *fill*         0x0000000008008766        0x2 
 .text.SystemClock_Config
                0x0000000008008768       0xdc ./Core/Src/main.o
                0x0000000008008768                SystemClock_Config
 .text.MX_USART2_UART_Init
                0x0000000008008844       0x54 ./Core/Src/main.o
 .text.MX_USART3_UART_Init
                0x0000000008008898       0x64 ./Core/Src/main.o
 .text.MX_GPIO_Init
                0x00000000080088fc      0x110 ./Core/Src/main.o
 .text.Error_Handler
                0x0000000008008a0c        0xa ./Core/Src/main.o
                0x0000000008008a0c                Error_Handler
 *fill*         0x0000000008008a16        0x2 
 .text.HAL_MspInit
                0x0000000008008a18       0x50 ./Core/Src/stm32f4xx_hal_msp.o
                0x0000000008008a18                HAL_MspInit
 .text.HAL_UART_MspInit
                0x0000000008008a68      0x10c ./Core/Src/stm32f4xx_hal_msp.o
                0x0000000008008a68                HAL_UART_MspInit
 .text.NMI_Handler
                0x0000000008008b74        0x6 ./Core/Src/stm32f4xx_it.o
                0x0000000008008b74                NMI_Handler
 .text.HardFault_Handler
                0x0000000008008b7a        0x6 ./Core/Src/stm32f4xx_it.o
                0x0000000008008b7a                HardFault_Handler
 .text.MemManage_Handler
                0x0000000008008b80        0x6 ./Core/Src/stm32f4xx_it.o
                0x0000000008008b80                MemManage_Handler
 .text.BusFault_Handler
                0x0000000008008b86        0x6 ./Core/Src/stm32f4xx_it.o
                0x0000000008008b86                BusFault_Handler
 .text.UsageFault_Handler
                0x0000000008008b8c        0x6 ./Core/Src/stm32f4xx_it.o
                0x0000000008008b8c                UsageFault_Handler
 .text.SVC_Handler
                0x0000000008008b92        0xe ./Core/Src/stm32f4xx_it.o
                0x0000000008008b92                SVC_Handler
 .text.DebugMon_Handler
                0x0000000008008ba0        0xe ./Core/Src/stm32f4xx_it.o
                0x0000000008008ba0                DebugMon_Handler
 .text.PendSV_Handler
                0x0000000008008bae        0xe ./Core/Src/stm32f4xx_it.o
                0x0000000008008bae                PendSV_Handler
 .text.SysTick_Handler
                0x0000000008008bbc        0xc ./Core/Src/stm32f4xx_it.o
                0x0000000008008bbc                SysTick_Handler
 .text.USART3_IRQHandler
                0x0000000008008bc8       0x1c ./Core/Src/stm32f4xx_it.o
                0x0000000008008bc8                USART3_IRQHandler
 .text.SystemInit
                0x0000000008008be4       0x2c ./Core/Src/system_stm32f4xx.o
                0x0000000008008be4                SystemInit
 .text.Reset_Handler
                0x0000000008008c10       0x50 ./Core/Startup/startup_stm32f446retx.o
                0x0000000008008c10                Reset_Handler
 .text.Default_Handler
                0x0000000008008c60        0x2 ./Core/Startup/startup_stm32f446retx.o
                0x0000000008008c60                RTC_Alarm_IRQHandler
                0x0000000008008c60                EXTI2_IRQHandler
                0x0000000008008c60                TIM8_CC_IRQHandler
                0x0000000008008c60                FMPI2C1_EV_IRQHandler
                0x0000000008008c60                SPI4_IRQHandler
                0x0000000008008c60                TIM1_CC_IRQHandler
                0x0000000008008c60                DMA2_Stream5_IRQHandler
                0x0000000008008c60                DMA1_Stream5_IRQHandler
                0x0000000008008c60                PVD_IRQHandler
                0x0000000008008c60                SDIO_IRQHandler
                0x0000000008008c60                TAMP_STAMP_IRQHandler
                0x0000000008008c60                CAN2_RX1_IRQHandler
                0x0000000008008c60                EXTI3_IRQHandler
                0x0000000008008c60                TIM8_TRG_COM_TIM14_IRQHandler
                0x0000000008008c60                TIM1_UP_TIM10_IRQHandler
                0x0000000008008c60                TIM8_UP_TIM13_IRQHandler
                0x0000000008008c60                I2C3_ER_IRQHandler
                0x0000000008008c60                EXTI0_IRQHandler
                0x0000000008008c60                I2C2_EV_IRQHandler
                0x0000000008008c60                DMA1_Stream2_IRQHandler
                0x0000000008008c60                CAN1_RX0_IRQHandler
                0x0000000008008c60                FPU_IRQHandler
                0x0000000008008c60                OTG_HS_WKUP_IRQHandler
                0x0000000008008c60                CAN2_SCE_IRQHandler
                0x0000000008008c60                DMA2_Stream2_IRQHandler
                0x0000000008008c60                SPI1_IRQHandler
                0x0000000008008c60                TIM6_DAC_IRQHandler
                0x0000000008008c60                TIM1_BRK_TIM9_IRQHandler
                0x0000000008008c60                DCMI_IRQHandler
                0x0000000008008c60                CAN2_RX0_IRQHandler
                0x0000000008008c60                DMA2_Stream3_IRQHandler
                0x0000000008008c60                SAI2_IRQHandler
                0x0000000008008c60                USART6_IRQHandler
                0x0000000008008c60                CAN1_RX1_IRQHandler
                0x0000000008008c60                UART5_IRQHandler
                0x0000000008008c60                DMA2_Stream0_IRQHandler
                0x0000000008008c60                TIM4_IRQHandler
                0x0000000008008c60                QUADSPI_IRQHandler
                0x0000000008008c60                I2C1_EV_IRQHandler
                0x0000000008008c60                DMA1_Stream6_IRQHandler
                0x0000000008008c60                DMA1_Stream1_IRQHandler
                0x0000000008008c60                UART4_IRQHandler
                0x0000000008008c60                TIM3_IRQHandler
                0x0000000008008c60                RCC_IRQHandler
                0x0000000008008c60                TIM8_BRK_TIM12_IRQHandler
                0x0000000008008c60                Default_Handler
                0x0000000008008c60                CEC_IRQHandler
                0x0000000008008c60                EXTI15_10_IRQHandler
                0x0000000008008c60                ADC_IRQHandler
                0x0000000008008c60                DMA1_Stream7_IRQHandler
                0x0000000008008c60                TIM7_IRQHandler
                0x0000000008008c60                CAN2_TX_IRQHandler
                0x0000000008008c60                TIM5_IRQHandler
                0x0000000008008c60                DMA2_Stream7_IRQHandler
                0x0000000008008c60                I2C3_EV_IRQHandler
                0x0000000008008c60                EXTI9_5_IRQHandler
                0x0000000008008c60                RTC_WKUP_IRQHandler
                0x0000000008008c60                SPDIF_RX_IRQHandler
                0x0000000008008c60                SPI2_IRQHandler
                0x0000000008008c60                OTG_HS_EP1_IN_IRQHandler
                0x0000000008008c60                DMA1_Stream0_IRQHandler
                0x0000000008008c60                CAN1_TX_IRQHandler
                0x0000000008008c60                FMPI2C1_ER_IRQHandler
                0x0000000008008c60                EXTI4_IRQHandler
                0x0000000008008c60                OTG_HS_EP1_OUT_IRQHandler
                0x0000000008008c60                WWDG_IRQHandler
                0x0000000008008c60                TIM2_IRQHandler
                0x0000000008008c60                OTG_FS_WKUP_IRQHandler
                0x0000000008008c60                TIM1_TRG_COM_TIM11_IRQHandler
                0x0000000008008c60                OTG_HS_IRQHandler
                0x0000000008008c60                EXTI1_IRQHandler
                0x0000000008008c60                USART2_IRQHandler
                0x0000000008008c60                I2C2_ER_IRQHandler
                0x0000000008008c60                DMA2_Stream1_IRQHandler
                0x0000000008008c60                CAN1_SCE_IRQHandler
                0x0000000008008c60                FLASH_IRQHandler
                0x0000000008008c60                DMA2_Stream4_IRQHandler
                0x0000000008008c60                USART1_IRQHandler
                0x0000000008008c60                OTG_FS_IRQHandler
                0x0000000008008c60                SPI3_IRQHandler
                0x0000000008008c60                DMA1_Stream4_IRQHandler
                0x0000000008008c60                I2C1_ER_IRQHandler
                0x0000000008008c60                FMC_IRQHandler
                0x0000000008008c60                DMA2_Stream6_IRQHandler
                0x0000000008008c60                SAI1_IRQHandler
                0x0000000008008c60                DMA1_Stream3_IRQHandler
 *fill*         0x0000000008008c62        0x2 
 .text.HAL_Init
                0x0000000008008c64       0x44 ./Drivers/STM32F4xx_HAL_Driver/Src/stm32f4xx_hal.o
                0x0000000008008c64                HAL_Init
 .text.HAL_InitTick
                0x0000000008008ca8       0x60 ./Drivers/STM32F4xx_HAL_Driver/Src/stm32f4xx_hal.o
                0x0000000008008ca8                HAL_InitTick
 .text.HAL_IncTick
                0x0000000008008d08       0x28 ./Drivers/STM32F4xx_HAL_Driver/Src/stm32f4xx_hal.o
                0x0000000008008d08                HAL_IncTick
 .text.HAL_GetTick
                0x0000000008008d30       0x18 ./Drivers/STM32F4xx_HAL_Driver/Src/stm32f4xx_hal.o
                0x0000000008008d30                HAL_GetTick
 .text.__NVIC_SetPriorityGrouping
                0x0000000008008d48       0x48 ./Drivers/STM32F4xx_HAL_Driver/Src/stm32f4xx_hal_cortex.o
 .text.__NVIC_GetPriorityGrouping
                0x0000000008008d90       0x1c ./Drivers/STM32F4xx_HAL_Driver/Src/stm32f4xx_hal_cortex.o
 .text.__NVIC_EnableIRQ
                0x0000000008008dac       0x3c ./Drivers/STM32F4xx_HAL_Driver/Src/stm32f4xx_hal_cortex.o
 .text.__NVIC_SetPriority
                0x0000000008008de8       0x54 ./Drivers/STM32F4xx_HAL_Driver/Src/stm32f4xx_hal_cortex.o
 .text.NVIC_EncodePriority
                0x0000000008008e3c       0x66 ./Drivers/STM32F4xx_HAL_Driver/Src/stm32f4xx_hal_cortex.o
 *fill*         0x0000000008008ea2        0x2 
 .text.SysTick_Config
                0x0000000008008ea4       0x44 ./Drivers/STM32F4xx_HAL_Driver/Src/stm32f4xx_hal_cortex.o
 .text.HAL_NVIC_SetPriorityGrouping
                0x0000000008008ee8       0x16 ./Drivers/STM32F4xx_HAL_Driver/Src/stm32f4xx_hal_cortex.o
                0x0000000008008ee8                HAL_NVIC_SetPriorityGrouping
 .text.HAL_NVIC_SetPriority
                0x0000000008008efe       0x38 ./Drivers/STM32F4xx_HAL_Driver/Src/stm32f4xx_hal_cortex.o
                0x0000000008008efe                HAL_NVIC_SetPriority
 .text.HAL_NVIC_EnableIRQ
                0x0000000008008f36       0x1c ./Drivers/STM32F4xx_HAL_Driver/Src/stm32f4xx_hal_cortex.o
                0x0000000008008f36                HAL_NVIC_EnableIRQ
 .text.HAL_SYSTICK_Config
                0x0000000008008f52       0x18 ./Drivers/STM32F4xx_HAL_Driver/Src/stm32f4xx_hal_cortex.o
                0x0000000008008f52                HAL_SYSTICK_Config
 .text.HAL_DMA_Abort
                0x0000000008008f6a       0xe0 ./Drivers/STM32F4xx_HAL_Driver/Src/stm32f4xx_hal_dma.o
                0x0000000008008f6a                HAL_DMA_Abort
 .text.HAL_DMA_Abort_IT
                0x000000000800904a       0x44 ./Drivers/STM32F4xx_HAL_Driver/Src/stm32f4xx_hal_dma.o
                0x000000000800904a                HAL_DMA_Abort_IT
 *fill*         0x000000000800908e        0x2 
 .text.HAL_GPIO_Init
                0x0000000008009090      0x328 ./Drivers/STM32F4xx_HAL_Driver/Src/stm32f4xx_hal_gpio.o
                0x0000000008009090                HAL_GPIO_Init
 .text.HAL_GPIO_WritePin
                0x00000000080093b8       0x32 ./Drivers/STM32F4xx_HAL_Driver/Src/stm32f4xx_hal_gpio.o
                0x00000000080093b8                HAL_GPIO_WritePin
 *fill*         0x00000000080093ea        0x2 
 .text.HAL_RCC_ClockConfig
                0x00000000080093ec      0x1cc ./Drivers/STM32F4xx_HAL_Driver/Src/stm32f4xx_hal_rcc.o
                0x00000000080093ec                HAL_RCC_ClockConfig
 .text.HAL_RCC_GetHCLKFreq
                0x00000000080095b8       0x18 ./Drivers/STM32F4xx_HAL_Driver/Src/stm32f4xx_hal_rcc.o
                0x00000000080095b8                HAL_RCC_GetHCLKFreq
 .text.HAL_RCC_GetPCLK1Freq
                0x00000000080095d0       0x28 ./Drivers/STM32F4xx_HAL_Driver/Src/stm32f4xx_hal_rcc.o
                0x00000000080095d0                HAL_RCC_GetPCLK1Freq
 .text.HAL_RCC_GetPCLK2Freq
                0x00000000080095f8       0x28 ./Drivers/STM32F4xx_HAL_Driver/Src/stm32f4xx_hal_rcc.o
                0x00000000080095f8                HAL_RCC_GetPCLK2Freq
 .text.HAL_RCC_GetSysClockFreq
                0x0000000008009620      0x364 ./Drivers/STM32F4xx_HAL_Driver/Src/stm32f4xx_hal_rcc_ex.o
                0x0000000008009620                HAL_RCC_GetSysClockFreq
 .text.HAL_RCC_OscConfig
                0x0000000008009984      0x53c ./Drivers/STM32F4xx_HAL_Driver/Src/stm32f4xx_hal_rcc_ex.o
                0x0000000008009984                HAL_RCC_OscConfig
 .text.HAL_UART_Init
                0x0000000008009ec0       0x9a ./Drivers/STM32F4xx_HAL_Driver/Src/stm32f4xx_hal_uart.o
                0x0000000008009ec0                HAL_UART_Init
 .text.HAL_UART_Receive
                0x0000000008009f5a      0x144 ./Drivers/STM32F4xx_HAL_Driver/Src/stm32f4xx_hal_uart.o
                0x0000000008009f5a                HAL_UART_Receive
 *fill*         0x000000000800a09e        0x2 
 .text.HAL_UART_IRQHandler
                0x000000000800a0a0      0x51c ./Drivers/STM32F4xx_HAL_Driver/Src/stm32f4xx_hal_uart.o
                0x000000000800a0a0                HAL_UART_IRQHandler
 .text.HAL_UART_TxCpltCallback
                0x000000000800a5bc       0x14 ./Drivers/STM32F4xx_HAL_Driver/Src/stm32f4xx_hal_uart.o
                0x000000000800a5bc                HAL_UART_TxCpltCallback
 .text.HAL_UART_RxCpltCallback
                0x000000000800a5d0       0x14 ./Drivers/STM32F4xx_HAL_Driver/Src/stm32f4xx_hal_uart.o
                0x000000000800a5d0                HAL_UART_RxCpltCallback
 .text.HAL_UART_ErrorCallback
                0x000000000800a5e4       0x14 ./Drivers/STM32F4xx_HAL_Driver/Src/stm32f4xx_hal_uart.o
                0x000000000800a5e4                HAL_UART_ErrorCallback
 .text.HAL_UARTEx_RxEventCallback
                0x000000000800a5f8       0x18 ./Drivers/STM32F4xx_HAL_Driver/Src/stm32f4xx_hal_uart.o
                0x000000000800a5f8                HAL_UARTEx_RxEventCallback
 .text.UART_WaitOnFlagUntilTimeout
                0x000000000800a610       0xdc ./Drivers/STM32F4xx_HAL_Driver/Src/stm32f4xx_hal_uart.o
 .text.UART_EndRxTransfer
                0x000000000800a6ec       0xc6 ./Drivers/STM32F4xx_HAL_Driver/Src/stm32f4xx_hal_uart.o
 .text.UART_DMAAbortOnError
                0x000000000800a7b2       0x28 ./Drivers/STM32F4xx_HAL_Driver/Src/stm32f4xx_hal_uart.o
 .text.UART_Transmit_IT
                0x000000000800a7da       0xa0 ./Drivers/STM32F4xx_HAL_Driver/Src/stm32f4xx_hal_uart.o
 .text.UART_EndTransmit_IT
                0x000000000800a87a       0x30 ./Drivers/STM32F4xx_HAL_Driver/Src/stm32f4xx_hal_uart.o
 .text.UART_Receive_IT
                0x000000000800a8aa      0x176 ./Drivers/STM32F4xx_HAL_Driver/Src/stm32f4xx_hal_uart.o
 .text.UART_SetConfig
                0x000000000800aa20      0x390 ./Drivers/STM32F4xx_HAL_Driver/Src/stm32f4xx_hal_uart.o
 .text.__libc_init_array
                0x000000000800adb0       0x48 c:/st/stm32cubeide_1.8.0/stm32cubeide/plugins/com.st.stm32cube.ide.mcu.externaltools.gnu-tools-for-stm32.9-2020-q2-update.win32_2.0.0.202105311346/tools/bin/../lib/gcc/arm-none-eabi/9.3.1/../../../../arm-none-eabi/lib/thumb/v7e-m+fp/hard\libc_nano.a(lib_a-init.o)
                0x000000000800adb0                __libc_init_array
 .text.memset   0x000000000800adf8       0x10 c:/st/stm32cubeide_1.8.0/stm32cubeide/plugins/com.st.stm32cube.ide.mcu.externaltools.gnu-tools-for-stm32.9-2020-q2-update.win32_2.0.0.202105311346/tools/bin/../lib/gcc/arm-none-eabi/9.3.1/../../../../arm-none-eabi/lib/thumb/v7e-m+fp/hard\libc_nano.a(lib_a-memset.o)
                0x000000000800adf8                memset
 *(.glue_7)
 .glue_7        0x000000000800ae08        0x0 linker stubs
 *(.glue_7t)
 .glue_7t       0x000000000800ae08        0x0 linker stubs
 *(.eh_frame)
 .eh_frame      0x000000000800ae08        0x0 c:/st/stm32cubeide_1.8.0/stm32cubeide/plugins/com.st.stm32cube.ide.mcu.externaltools.gnu-tools-for-stm32.9-2020-q2-update.win32_2.0.0.202105311346/tools/bin/../lib/gcc/arm-none-eabi/9.3.1/thumb/v7e-m+fp/hard/crtbegin.o
 *(.init)
 .init          0x000000000800ae08        0x4 c:/st/stm32cubeide_1.8.0/stm32cubeide/plugins/com.st.stm32cube.ide.mcu.externaltools.gnu-tools-for-stm32.9-2020-q2-update.win32_2.0.0.202105311346/tools/bin/../lib/gcc/arm-none-eabi/9.3.1/thumb/v7e-m+fp/hard/crti.o
                0x000000000800ae08                _init
 .init          0x000000000800ae0c        0x8 c:/st/stm32cubeide_1.8.0/stm32cubeide/plugins/com.st.stm32cube.ide.mcu.externaltools.gnu-tools-for-stm32.9-2020-q2-update.win32_2.0.0.202105311346/tools/bin/../lib/gcc/arm-none-eabi/9.3.1/thumb/v7e-m+fp/hard/crtn.o
 *(.fini)
 .fini          0x000000000800ae14        0x4 c:/st/stm32cubeide_1.8.0/stm32cubeide/plugins/com.st.stm32cube.ide.mcu.externaltools.gnu-tools-for-stm32.9-2020-q2-update.win32_2.0.0.202105311346/tools/bin/../lib/gcc/arm-none-eabi/9.3.1/thumb/v7e-m+fp/hard/crti.o
                0x000000000800ae14                _fini
 .fini          0x000000000800ae18        0x8 c:/st/stm32cubeide_1.8.0/stm32cubeide/plugins/com.st.stm32cube.ide.mcu.externaltools.gnu-tools-for-stm32.9-2020-q2-update.win32_2.0.0.202105311346/tools/bin/../lib/gcc/arm-none-eabi/9.3.1/thumb/v7e-m+fp/hard/crtn.o
                0x000000000800ae20                . = ALIGN (0x4)
                0x000000000800ae20                _etext = .

.vfp11_veneer   0x000000000800ae20        0x0
 .vfp11_veneer  0x000000000800ae20        0x0 linker stubs

.v4_bx          0x000000000800ae20        0x0
 .v4_bx         0x000000000800ae20        0x0 linker stubs

.iplt           0x000000000800ae20        0x0
 .iplt          0x000000000800ae20        0x0 c:/st/stm32cubeide_1.8.0/stm32cubeide/plugins/com.st.stm32cube.ide.mcu.externaltools.gnu-tools-for-stm32.9-2020-q2-update.win32_2.0.0.202105311346/tools/bin/../lib/gcc/arm-none-eabi/9.3.1/thumb/v7e-m+fp/hard/crtbegin.o

.rodata         0x000000000800ae20       0x90
                0x000000000800ae20                . = ALIGN (0x4)
 *(.rodata)
 .rodata        0x000000000800ae20       0x78 ./Core/Src/main.o
 *(.rodata*)
 .rodata.AHBPrescTable
                0x000000000800ae98       0x10 ./Core/Src/system_stm32f4xx.o
                0x000000000800ae98                AHBPrescTable
 .rodata.APBPrescTable
                0x000000000800aea8        0x8 ./Core/Src/system_stm32f4xx.o
                0x000000000800aea8                APBPrescTable
                0x000000000800aeb0                . = ALIGN (0x4)

.ARM.extab      0x000000000800aeb0        0x0
                0x000000000800aeb0                . = ALIGN (0x4)
 *(.ARM.extab* .gnu.linkonce.armextab.*)
                0x000000000800aeb0                . = ALIGN (0x4)

.ARM            0x000000000800aeb0        0x8
                0x000000000800aeb0                . = ALIGN (0x4)
                0x000000000800aeb0                __exidx_start = .
 *(.ARM.exidx*)
 .ARM.exidx     0x000000000800aeb0        0x8 c:/st/stm32cubeide_1.8.0/stm32cubeide/plugins/com.st.stm32cube.ide.mcu.externaltools.gnu-tools-for-stm32.9-2020-q2-update.win32_2.0.0.202105311346/tools/bin/../lib/gcc/arm-none-eabi/9.3.1/thumb/v7e-m+fp/hard\libgcc.a(_udivmoddi4.o)
                0x000000000800aeb8                __exidx_end = .
                0x000000000800aeb8                . = ALIGN (0x4)

.rel.dyn        0x000000000800aeb8        0x0
 .rel.iplt      0x000000000800aeb8        0x0 c:/st/stm32cubeide_1.8.0/stm32cubeide/plugins/com.st.stm32cube.ide.mcu.externaltools.gnu-tools-for-stm32.9-2020-q2-update.win32_2.0.0.202105311346/tools/bin/../lib/gcc/arm-none-eabi/9.3.1/thumb/v7e-m+fp/hard/crtbegin.o

.preinit_array  0x000000000800aeb8        0x0
                0x000000000800aeb8                . = ALIGN (0x4)
                0x000000000800aeb8                PROVIDE (__preinit_array_start = .)
 *(.preinit_array*)
                0x000000000800aeb8                PROVIDE (__preinit_array_end = .)
                0x000000000800aeb8                . = ALIGN (0x4)

.init_array     0x000000000800aeb8        0x4
                0x000000000800aeb8                . = ALIGN (0x4)
                0x000000000800aeb8                PROVIDE (__init_array_start = .)
 *(SORT_BY_NAME(.init_array.*))
 *(.init_array*)
 .init_array    0x000000000800aeb8        0x4 c:/st/stm32cubeide_1.8.0/stm32cubeide/plugins/com.st.stm32cube.ide.mcu.externaltools.gnu-tools-for-stm32.9-2020-q2-update.win32_2.0.0.202105311346/tools/bin/../lib/gcc/arm-none-eabi/9.3.1/thumb/v7e-m+fp/hard/crtbegin.o
                0x000000000800aebc                PROVIDE (__init_array_end = .)
                0x000000000800aebc                . = ALIGN (0x4)

.fini_array     0x000000000800aebc        0x4
                0x000000000800aebc                . = ALIGN (0x4)
                [!provide]                        PROVIDE (__fini_array_start = .)
 *(SORT_BY_NAME(.fini_array.*))
 *(.fini_array*)
 .fini_array    0x000000000800aebc        0x4 c:/st/stm32cubeide_1.8.0/stm32cubeide/plugins/com.st.stm32cube.ide.mcu.externaltools.gnu-tools-for-stm32.9-2020-q2-update.win32_2.0.0.202105311346/tools/bin/../lib/gcc/arm-none-eabi/9.3.1/thumb/v7e-m+fp/hard/crtbegin.o
                [!provide]                        PROVIDE (__fini_array_end = .)
                0x000000000800aec0                . = ALIGN (0x4)
                0x000000000800aec0                _sidata = LOADADDR (.data)

.data           0x0000000020000000        0xc load address 0x000000000800aec0
                0x0000000020000000                . = ALIGN (0x4)
                0x0000000020000000                _sdata = .
 *(.data)
 *(.data*)
 .data.SystemCoreClock
                0x0000000020000000        0x4 ./Core/Src/system_stm32f4xx.o
                0x0000000020000000                SystemCoreClock
 .data.uwTickPrio
                0x0000000020000004        0x4 ./Drivers/STM32F4xx_HAL_Driver/Src/stm32f4xx_hal.o
                0x0000000020000004                uwTickPrio
 .data.uwTickFreq
                0x0000000020000008        0x1 ./Drivers/STM32F4xx_HAL_Driver/Src/stm32f4xx_hal.o
                0x0000000020000008                uwTickFreq
 *(.RamFunc)
 *(.RamFunc*)
                0x000000002000000c                . = ALIGN (0x4)
 *fill*         0x0000000020000009        0x3 
                0x000000002000000c                _edata = .

.igot.plt       0x000000002000000c        0x0 load address 0x000000000800aecc
 .igot.plt      0x000000002000000c        0x0 c:/st/stm32cubeide_1.8.0/stm32cubeide/plugins/com.st.stm32cube.ide.mcu.externaltools.gnu-tools-for-stm32.9-2020-q2-update.win32_2.0.0.202105311346/tools/bin/../lib/gcc/arm-none-eabi/9.3.1/thumb/v7e-m+fp/hard/crtbegin.o
                0x000000002000000c                . = ALIGN (0x4)

.bss            0x000000002000000c      0x118 load address 0x000000000800aecc
                0x000000002000000c                _sbss = .
                0x000000002000000c                __bss_start__ = _sbss
 *(.bss)
 .bss           0x000000002000000c       0x1c c:/st/stm32cubeide_1.8.0/stm32cubeide/plugins/com.st.stm32cube.ide.mcu.externaltools.gnu-tools-for-stm32.9-2020-q2-update.win32_2.0.0.202105311346/tools/bin/../lib/gcc/arm-none-eabi/9.3.1/thumb/v7e-m+fp/hard/crtbegin.o
 *(.bss*)
 .bss.flag      0x0000000020000028        0x4 ./Core/Src/main.o
                0x0000000020000028                flag
 *(COMMON)
 COMMON         0x000000002000002c       0xf4 ./Core/Src/main.o
                0x000000002000002c                p
                0x0000000020000030                huart3
                0x0000000020000074                SeriaRecieve
                0x0000000020000078                RxData
                0x00000000200000dc                huart2
 COMMON         0x0000000020000120        0x4 ./Drivers/STM32F4xx_HAL_Driver/Src/stm32f4xx_hal.o
                0x0000000020000120                uwTick
                0x0000000020000124                . = ALIGN (0x4)
                0x0000000020000124                _ebss = .
                0x0000000020000124                __bss_end__ = _ebss

._user_heap_stack
                0x0000000020000124      0x604 load address 0x000000000800aecc
                0x0000000020000128                . = ALIGN (0x8)
 *fill*         0x0000000020000124        0x4 
                [!provide]                        PROVIDE (end = .)
                0x0000000020000128                PROVIDE (_end = .)
                0x0000000020000328                . = (. + _Min_Heap_Size)
 *fill*         0x0000000020000128      0x200 
                0x0000000020000728                . = (. + _Min_Stack_Size)
 *fill*         0x0000000020000328      0x400 
                0x0000000020000728                . = ALIGN (0x8)

/DISCARD/
 libc.a(*)
 libm.a(*)
 libgcc.a(*)

.ARM.attributes
                0x0000000000000000       0x30
 *(.ARM.attributes)
 .ARM.attributes
                0x0000000000000000       0x1e c:/st/stm32cubeide_1.8.0/stm32cubeide/plugins/com.st.stm32cube.ide.mcu.externaltools.gnu-tools-for-stm32.9-2020-q2-update.win32_2.0.0.202105311346/tools/bin/../lib/gcc/arm-none-eabi/9.3.1/thumb/v7e-m+fp/hard/crti.o
 .ARM.attributes
                0x000000000000001e       0x34 c:/st/stm32cubeide_1.8.0/stm32cubeide/plugins/com.st.stm32cube.ide.mcu.externaltools.gnu-tools-for-stm32.9-2020-q2-update.win32_2.0.0.202105311346/tools/bin/../lib/gcc/arm-none-eabi/9.3.1/thumb/v7e-m+fp/hard/crtbegin.o
 .ARM.attributes
                0x0000000000000052       0x34 ./Core/Src/main.o
 .ARM.attributes
                0x0000000000000086       0x34 ./Core/Src/stm32f4xx_hal_msp.o
 .ARM.attributes
                0x00000000000000ba       0x34 ./Core/Src/stm32f4xx_it.o
 .ARM.attributes
                0x00000000000000ee       0x34 ./Core/Src/system_stm32f4xx.o
 .ARM.attributes
                0x0000000000000122       0x21 ./Core/Startup/startup_stm32f446retx.o
 .ARM.attributes
                0x0000000000000143       0x34 ./Drivers/STM32F4xx_HAL_Driver/Src/stm32f4xx_hal.o
 .ARM.attributes
                0x0000000000000177       0x34 ./Drivers/STM32F4xx_HAL_Driver/Src/stm32f4xx_hal_cortex.o
 .ARM.attributes
                0x00000000000001ab       0x34 ./Drivers/STM32F4xx_HAL_Driver/Src/stm32f4xx_hal_dma.o
 .ARM.attributes
                0x00000000000001df       0x34 ./Drivers/STM32F4xx_HAL_Driver/Src/stm32f4xx_hal_gpio.o
 .ARM.attributes
                0x0000000000000213       0x34 ./Drivers/STM32F4xx_HAL_Driver/Src/stm32f4xx_hal_rcc.o
 .ARM.attributes
                0x0000000000000247       0x34 ./Drivers/STM32F4xx_HAL_Driver/Src/stm32f4xx_hal_rcc_ex.o
 .ARM.attributes
                0x000000000000027b       0x34 ./Drivers/STM32F4xx_HAL_Driver/Src/stm32f4xx_hal_uart.o
 .ARM.attributes
                0x00000000000002af       0x34 c:/st/stm32cubeide_1.8.0/stm32cubeide/plugins/com.st.stm32cube.ide.mcu.externaltools.gnu-tools-for-stm32.9-2020-q2-update.win32_2.0.0.202105311346/tools/bin/../lib/gcc/arm-none-eabi/9.3.1/../../../../arm-none-eabi/lib/thumb/v7e-m+fp/hard\libc_nano.a(lib_a-init.o)
 .ARM.attributes
                0x00000000000002e3       0x34 c:/st/stm32cubeide_1.8.0/stm32cubeide/plugins/com.st.stm32cube.ide.mcu.externaltools.gnu-tools-for-stm32.9-2020-q2-update.win32_2.0.0.202105311346/tools/bin/../lib/gcc/arm-none-eabi/9.3.1/../../../../arm-none-eabi/lib/thumb/v7e-m+fp/hard\libc_nano.a(lib_a-memset.o)
 .ARM.attributes
                0x0000000000000317       0x1e c:/st/stm32cubeide_1.8.0/stm32cubeide/plugins/com.st.stm32cube.ide.mcu.externaltools.gnu-tools-for-stm32.9-2020-q2-update.win32_2.0.0.202105311346/tools/bin/../lib/gcc/arm-none-eabi/9.3.1/thumb/v7e-m+fp/hard\libgcc.a(_aeabi_uldivmod.o)
 .ARM.attributes
                0x0000000000000335       0x34 c:/st/stm32cubeide_1.8.0/stm32cubeide/plugins/com.st.stm32cube.ide.mcu.externaltools.gnu-tools-for-stm32.9-2020-q2-update.win32_2.0.0.202105311346/tools/bin/../lib/gcc/arm-none-eabi/9.3.1/thumb/v7e-m+fp/hard\libgcc.a(_udivmoddi4.o)
 .ARM.attributes
                0x0000000000000369       0x1e c:/st/stm32cubeide_1.8.0/stm32cubeide/plugins/com.st.stm32cube.ide.mcu.externaltools.gnu-tools-for-stm32.9-2020-q2-update.win32_2.0.0.202105311346/tools/bin/../lib/gcc/arm-none-eabi/9.3.1/thumb/v7e-m+fp/hard\libgcc.a(_dvmd_tls.o)
 .ARM.attributes
                0x0000000000000387       0x1e c:/st/stm32cubeide_1.8.0/stm32cubeide/plugins/com.st.stm32cube.ide.mcu.externaltools.gnu-tools-for-stm32.9-2020-q2-update.win32_2.0.0.202105311346/tools/bin/../lib/gcc/arm-none-eabi/9.3.1/thumb/v7e-m+fp/hard/crtn.o
OUTPUT(GP_UserApplication1.elf elf32-littlearm)
LOAD linker stubs
LOAD c:/st/stm32cubeide_1.8.0/stm32cubeide/plugins/com.st.stm32cube.ide.mcu.externaltools.gnu-tools-for-stm32.9-2020-q2-update.win32_2.0.0.202105311346/tools/bin/../lib/gcc/arm-none-eabi/9.3.1/../../../../arm-none-eabi/lib/thumb/v7e-m+fp/hard\libc.a
LOAD c:/st/stm32cubeide_1.8.0/stm32cubeide/plugins/com.st.stm32cube.ide.mcu.externaltools.gnu-tools-for-stm32.9-2020-q2-update.win32_2.0.0.202105311346/tools/bin/../lib/gcc/arm-none-eabi/9.3.1/../../../../arm-none-eabi/lib/thumb/v7e-m+fp/hard\libm.a
LOAD c:/st/stm32cubeide_1.8.0/stm32cubeide/plugins/com.st.stm32cube.ide.mcu.externaltools.gnu-tools-for-stm32.9-2020-q2-update.win32_2.0.0.202105311346/tools/bin/../lib/gcc/arm-none-eabi/9.3.1/thumb/v7e-m+fp/hard\libgcc.a

.debug_info     0x0000000000000000     0xa4fc
 .debug_info    0x0000000000000000     0x194f ./Core/Src/main.o
 .debug_info    0x000000000000194f      0xcb5 ./Core/Src/stm32f4xx_hal_msp.o
 .debug_info    0x0000000000002604      0x71f ./Core/Src/stm32f4xx_it.o
 .debug_info    0x0000000000002d23      0x5dc ./Core/Src/system_stm32f4xx.o
 .debug_info    0x00000000000032ff       0x22 ./Core/Startup/startup_stm32f446retx.o
 .debug_info    0x0000000000003321      0xa08 ./Drivers/STM32F4xx_HAL_Driver/Src/stm32f4xx_hal.o
 .debug_info    0x0000000000003d29      0xef5 ./Drivers/STM32F4xx_HAL_Driver/Src/stm32f4xx_hal_cortex.o
 .debug_info    0x0000000000004c1e      0x9f1 ./Drivers/STM32F4xx_HAL_Driver/Src/stm32f4xx_hal_dma.o
 .debug_info    0x000000000000560f      0x892 ./Drivers/STM32F4xx_HAL_Driver/Src/stm32f4xx_hal_gpio.o
 .debug_info    0x0000000000005ea1      0x9db ./Drivers/STM32F4xx_HAL_Driver/Src/stm32f4xx_hal_rcc.o
 .debug_info    0x000000000000687c      0xa86 ./Drivers/STM32F4xx_HAL_Driver/Src/stm32f4xx_hal_rcc_ex.o
 .debug_info    0x0000000000007302     0x31fa ./Drivers/STM32F4xx_HAL_Driver/Src/stm32f4xx_hal_uart.o

.debug_abbrev   0x0000000000000000     0x186f
 .debug_abbrev  0x0000000000000000      0x34b ./Core/Src/main.o
 .debug_abbrev  0x000000000000034b      0x1b5 ./Core/Src/stm32f4xx_hal_msp.o
 .debug_abbrev  0x0000000000000500      0x163 ./Core/Src/stm32f4xx_it.o
 .debug_abbrev  0x0000000000000663      0x145 ./Core/Src/system_stm32f4xx.o
 .debug_abbrev  0x00000000000007a8       0x12 ./Core/Startup/startup_stm32f446retx.o
 .debug_abbrev  0x00000000000007ba      0x1ed ./Drivers/STM32F4xx_HAL_Driver/Src/stm32f4xx_hal.o
 .debug_abbrev  0x00000000000009a7      0x33c ./Drivers/STM32F4xx_HAL_Driver/Src/stm32f4xx_hal_cortex.o
 .debug_abbrev  0x0000000000000ce3      0x259 ./Drivers/STM32F4xx_HAL_Driver/Src/stm32f4xx_hal_dma.o
 .debug_abbrev  0x0000000000000f3c      0x1f1 ./Drivers/STM32F4xx_HAL_Driver/Src/stm32f4xx_hal_gpio.o
 .debug_abbrev  0x000000000000112d      0x275 ./Drivers/STM32F4xx_HAL_Driver/Src/stm32f4xx_hal_rcc.o
 .debug_abbrev  0x00000000000013a2      0x1e2 ./Drivers/STM32F4xx_HAL_Driver/Src/stm32f4xx_hal_rcc_ex.o
 .debug_abbrev  0x0000000000001584      0x2eb ./Drivers/STM32F4xx_HAL_Driver/Src/stm32f4xx_hal_uart.o

.debug_aranges  0x0000000000000000      0x750
 .debug_aranges
                0x0000000000000000       0x78 ./Core/Src/main.o
 .debug_aranges
                0x0000000000000078       0x30 ./Core/Src/stm32f4xx_hal_msp.o
 .debug_aranges
                0x00000000000000a8       0x68 ./Core/Src/stm32f4xx_it.o
 .debug_aranges
                0x0000000000000110       0x28 ./Core/Src/system_stm32f4xx.o
 .debug_aranges
                0x0000000000000138       0x28 ./Core/Startup/startup_stm32f446retx.o
 .debug_aranges
                0x0000000000000160       0xf0 ./Drivers/STM32F4xx_HAL_Driver/Src/stm32f4xx_hal.o
 .debug_aranges
                0x0000000000000250      0x118 ./Drivers/STM32F4xx_HAL_Driver/Src/stm32f4xx_hal_cortex.o
 .debug_aranges
                0x0000000000000368       0x90 ./Drivers/STM32F4xx_HAL_Driver/Src/stm32f4xx_hal_dma.o
 .debug_aranges
                0x00000000000003f8       0x58 ./Drivers/STM32F4xx_HAL_Driver/Src/stm32f4xx_hal_gpio.o
 .debug_aranges
                0x0000000000000450       0x88 ./Drivers/STM32F4xx_HAL_Driver/Src/stm32f4xx_hal_rcc.o
 .debug_aranges
                0x00000000000004d8       0x78 ./Drivers/STM32F4xx_HAL_Driver/Src/stm32f4xx_hal_rcc_ex.o
 .debug_aranges
                0x0000000000000550      0x200 ./Drivers/STM32F4xx_HAL_Driver/Src/stm32f4xx_hal_uart.o

.debug_ranges   0x0000000000000000      0x6c8
 .debug_ranges  0x0000000000000000       0x68 ./Core/Src/main.o
 .debug_ranges  0x0000000000000068       0x20 ./Core/Src/stm32f4xx_hal_msp.o
 .debug_ranges  0x0000000000000088       0x58 ./Core/Src/stm32f4xx_it.o
 .debug_ranges  0x00000000000000e0       0x18 ./Core/Src/system_stm32f4xx.o
 .debug_ranges  0x00000000000000f8       0x20 ./Core/Startup/startup_stm32f446retx.o
 .debug_ranges  0x0000000000000118       0xe0 ./Drivers/STM32F4xx_HAL_Driver/Src/stm32f4xx_hal.o
 .debug_ranges  0x00000000000001f8      0x108 ./Drivers/STM32F4xx_HAL_Driver/Src/stm32f4xx_hal_cortex.o
 .debug_ranges  0x0000000000000300       0x80 ./Drivers/STM32F4xx_HAL_Driver/Src/stm32f4xx_hal_dma.o
 .debug_ranges  0x0000000000000380       0x48 ./Drivers/STM32F4xx_HAL_Driver/Src/stm32f4xx_hal_gpio.o
 .debug_ranges  0x00000000000003c8       0x78 ./Drivers/STM32F4xx_HAL_Driver/Src/stm32f4xx_hal_rcc.o
 .debug_ranges  0x0000000000000440       0x68 ./Drivers/STM32F4xx_HAL_Driver/Src/stm32f4xx_hal_rcc_ex.o
 .debug_ranges  0x00000000000004a8      0x220 ./Drivers/STM32F4xx_HAL_Driver/Src/stm32f4xx_hal_uart.o

.debug_macro    0x0000000000000000    0x20b22
 .debug_macro   0x0000000000000000      0x297 ./Core/Src/main.o
 .debug_macro   0x0000000000000297      0xaa8 ./Core/Src/main.o
 .debug_macro   0x0000000000000d3f      0x295 ./Core/Src/main.o
 .debug_macro   0x0000000000000fd4       0x2e ./Core/Src/main.o
 .debug_macro   0x0000000000001002       0x28 ./Core/Src/main.o
 .debug_macro   0x000000000000102a       0x22 ./Core/Src/main.o
 .debug_macro   0x000000000000104c       0x8e ./Core/Src/main.o
 .debug_macro   0x00000000000010da       0x51 ./Core/Src/main.o
 .debug_macro   0x000000000000112b      0x103 ./Core/Src/main.o
 .debug_macro   0x000000000000122e       0x6a ./Core/Src/main.o
 .debug_macro   0x0000000000001298      0x1df ./Core/Src/main.o
 .debug_macro   0x0000000000001477       0x1c ./Core/Src/main.o
 .debug_macro   0x0000000000001493       0x22 ./Core/Src/main.o
 .debug_macro   0x00000000000014b5       0xdf ./Core/Src/main.o
 .debug_macro   0x0000000000001594     0x102d ./Core/Src/main.o
 .debug_macro   0x00000000000025c1      0x11f ./Core/Src/main.o
 .debug_macro   0x00000000000026e0    0x16749 ./Core/Src/main.o
 .debug_macro   0x0000000000018e29       0x6d ./Core/Src/main.o
 .debug_macro   0x0000000000018e96     0x367e ./Core/Src/main.o
 .debug_macro   0x000000000001c514      0x174 ./Core/Src/main.o
 .debug_macro   0x000000000001c688       0x5c ./Core/Src/main.o
 .debug_macro   0x000000000001c6e4      0xc90 ./Core/Src/main.o
 .debug_macro   0x000000000001d374      0x9fe ./Core/Src/main.o
 .debug_macro   0x000000000001dd72      0x115 ./Core/Src/main.o
 .debug_macro   0x000000000001de87      0x1a0 ./Core/Src/main.o
 .debug_macro   0x000000000001e027       0xa5 ./Core/Src/main.o
 .debug_macro   0x000000000001e0cc      0x16d ./Core/Src/main.o
 .debug_macro   0x000000000001e239      0x287 ./Core/Src/main.o
 .debug_macro   0x000000000001e4c0       0x5f ./Core/Src/main.o
 .debug_macro   0x000000000001e51f      0x236 ./Core/Src/main.o
 .debug_macro   0x000000000001e755      0x132 ./Core/Src/main.o
 .debug_macro   0x000000000001e887      0x29c ./Core/Src/main.o
 .debug_macro   0x000000000001eb23       0x2e ./Core/Src/main.o
 .debug_macro   0x000000000001eb51      0x11a ./Core/Src/main.o
 .debug_macro   0x000000000001ec6b       0xe8 ./Core/Src/main.o
 .debug_macro   0x000000000001ed53       0x89 ./Core/Src/main.o
 .debug_macro   0x000000000001eddc      0x295 ./Core/Src/main.o
 .debug_macro   0x000000000001f071      0x126 ./Core/Src/main.o
 .debug_macro   0x000000000001f197       0x5e ./Core/Src/main.o
 .debug_macro   0x000000000001f1f5       0x52 ./Core/Src/main.o
 .debug_macro   0x000000000001f247       0x18 ./Core/Src/main.o
 .debug_macro   0x000000000001f25f       0x3c ./Core/Src/main.o
 .debug_macro   0x000000000001f29b       0x34 ./Core/Src/main.o
 .debug_macro   0x000000000001f2cf       0x16 ./Core/Src/main.o
 .debug_macro   0x000000000001f2e5       0x43 ./Core/Src/main.o
 .debug_macro   0x000000000001f328       0x34 ./Core/Src/main.o
 .debug_macro   0x000000000001f35c       0x10 ./Core/Src/main.o
 .debug_macro   0x000000000001f36c       0x58 ./Core/Src/main.o
 .debug_macro   0x000000000001f3c4       0x71 ./Core/Src/main.o
 .debug_macro   0x000000000001f435       0x1c ./Core/Src/main.o
 .debug_macro   0x000000000001f451      0x12a ./Core/Src/main.o
 .debug_macro   0x000000000001f57b      0x333 ./Core/Src/main.o
 .debug_macro   0x000000000001f8ae       0x10 ./Core/Src/main.o
 .debug_macro   0x000000000001f8be       0x35 ./Core/Src/main.o
 .debug_macro   0x000000000001f8f3       0x20 ./Core/Src/main.o
 .debug_macro   0x000000000001f913      0x1c9 ./Core/Src/stm32f4xx_hal_msp.o
 .debug_macro   0x000000000001fadc      0x1d3 ./Core/Src/stm32f4xx_it.o
 .debug_macro   0x000000000001fcaf      0x1cc ./Core/Src/system_stm32f4xx.o
 .debug_macro   0x000000000001fe7b      0x21a ./Drivers/STM32F4xx_HAL_Driver/Src/stm32f4xx_hal.o
 .debug_macro   0x0000000000020095      0x1ba ./Drivers/STM32F4xx_HAL_Driver/Src/stm32f4xx_hal_cortex.o
 .debug_macro   0x000000000002024f      0x1c0 ./Drivers/STM32F4xx_HAL_Driver/Src/stm32f4xx_hal_dma.o
 .debug_macro   0x000000000002040f      0x1c0 ./Drivers/STM32F4xx_HAL_Driver/Src/stm32f4xx_hal_gpio.o
 .debug_macro   0x00000000000205cf      0x1de ./Drivers/STM32F4xx_HAL_Driver/Src/stm32f4xx_hal_rcc.o
 .debug_macro   0x00000000000207ad      0x1ba ./Drivers/STM32F4xx_HAL_Driver/Src/stm32f4xx_hal_rcc_ex.o
 .debug_macro   0x0000000000020967      0x1bb ./Drivers/STM32F4xx_HAL_Driver/Src/stm32f4xx_hal_uart.o

.debug_line     0x0000000000000000     0x9b44
 .debug_line    0x0000000000000000      0xafd ./Core/Src/main.o
 .debug_line    0x0000000000000afd      0x718 ./Core/Src/stm32f4xx_hal_msp.o
 .debug_line    0x0000000000001215      0x773 ./Core/Src/stm32f4xx_it.o
 .debug_line    0x0000000000001988      0x71d ./Core/Src/system_stm32f4xx.o
 .debug_line    0x00000000000020a5       0x88 ./Core/Startup/startup_stm32f446retx.o
 .debug_line    0x000000000000212d      0x97d ./Drivers/STM32F4xx_HAL_Driver/Src/stm32f4xx_hal.o
 .debug_line    0x0000000000002aaa      0xc2c ./Drivers/STM32F4xx_HAL_Driver/Src/stm32f4xx_hal_cortex.o
 .debug_line    0x00000000000036d6      0xedf ./Drivers/STM32F4xx_HAL_Driver/Src/stm32f4xx_hal_dma.o
 .debug_line    0x00000000000045b5      0xadd ./Drivers/STM32F4xx_HAL_Driver/Src/stm32f4xx_hal_gpio.o
 .debug_line    0x0000000000005092      0xd05 ./Drivers/STM32F4xx_HAL_Driver/Src/stm32f4xx_hal_rcc.o
 .debug_line    0x0000000000005d97     0x138b ./Drivers/STM32F4xx_HAL_Driver/Src/stm32f4xx_hal_rcc_ex.o
 .debug_line    0x0000000000007122     0x2a22 ./Drivers/STM32F4xx_HAL_Driver/Src/stm32f4xx_hal_uart.o

.debug_str      0x0000000000000000    0xc79e3
 .debug_str     0x0000000000000000    0xc59a3 ./Core/Src/main.o
                                      0xc5d0a (size before relaxing)
 .debug_str     0x00000000000c59a3      0x558 ./Core/Src/stm32f4xx_hal_msp.o
                                      0xc2d61 (size before relaxing)
 .debug_str     0x00000000000c5efb       0xcf ./Core/Src/stm32f4xx_it.o
                                      0xc2727 (size before relaxing)
 .debug_str     0x00000000000c5fca       0xaf ./Core/Src/system_stm32f4xx.o
                                      0xc2295 (size before relaxing)
 .debug_str     0x00000000000c6079       0x36 ./Core/Startup/startup_stm32f446retx.o
                                         0x76 (size before relaxing)
 .debug_str     0x00000000000c60af      0x58d ./Drivers/STM32F4xx_HAL_Driver/Src/stm32f4xx_hal.o
                                      0xc2d64 (size before relaxing)
 .debug_str     0x00000000000c663c      0x399 ./Drivers/STM32F4xx_HAL_Driver/Src/stm32f4xx_hal_cortex.o
                                      0xc2b2e (size before relaxing)
 .debug_str     0x00000000000c69d5      0x322 ./Drivers/STM32F4xx_HAL_Driver/Src/stm32f4xx_hal_dma.o
                                      0xc2646 (size before relaxing)
 .debug_str     0x00000000000c6cf7      0x15f ./Drivers/STM32F4xx_HAL_Driver/Src/stm32f4xx_hal_gpio.o
                                      0xc23e8 (size before relaxing)
 .debug_str     0x00000000000c6e56      0x259 ./Drivers/STM32F4xx_HAL_Driver/Src/stm32f4xx_hal_rcc.o
                                      0xc2648 (size before relaxing)
 .debug_str     0x00000000000c70af      0x324 ./Drivers/STM32F4xx_HAL_Driver/Src/stm32f4xx_hal_rcc_ex.o
                                      0xc26a5 (size before relaxing)
 .debug_str     0x00000000000c73d3      0x610 ./Drivers/STM32F4xx_HAL_Driver/Src/stm32f4xx_hal_uart.o
                                      0xc2ba4 (size before relaxing)

.comment        0x0000000000000000       0x53
 .comment       0x0000000000000000       0x53 ./Core/Src/main.o
                                         0x54 (size before relaxing)
 .comment       0x0000000000000053       0x54 ./Core/Src/stm32f4xx_hal_msp.o
 .comment       0x0000000000000053       0x54 ./Core/Src/stm32f4xx_it.o
 .comment       0x0000000000000053       0x54 ./Core/Src/system_stm32f4xx.o
 .comment       0x0000000000000053       0x54 ./Drivers/STM32F4xx_HAL_Driver/Src/stm32f4xx_hal.o
 .comment       0x0000000000000053       0x54 ./Drivers/STM32F4xx_HAL_Driver/Src/stm32f4xx_hal_cortex.o
 .comment       0x0000000000000053       0x54 ./Drivers/STM32F4xx_HAL_Driver/Src/stm32f4xx_hal_dma.o
 .comment       0x0000000000000053       0x54 ./Drivers/STM32F4xx_HAL_Driver/Src/stm32f4xx_hal_gpio.o
 .comment       0x0000000000000053       0x54 ./Drivers/STM32F4xx_HAL_Driver/Src/stm32f4xx_hal_rcc.o
 .comment       0x0000000000000053       0x54 ./Drivers/STM32F4xx_HAL_Driver/Src/stm32f4xx_hal_rcc_ex.o
 .comment       0x0000000000000053       0x54 ./Drivers/STM32F4xx_HAL_Driver/Src/stm32f4xx_hal_uart.o

.debug_frame    0x0000000000000000     0x1cf8
 .debug_frame   0x0000000000000000      0x1ac ./Core/Src/main.o
 .debug_frame   0x00000000000001ac       0x7c ./Core/Src/stm32f4xx_hal_msp.o
 .debug_frame   0x0000000000000228      0x120 ./Core/Src/stm32f4xx_it.o
 .debug_frame   0x0000000000000348       0x58 ./Core/Src/system_stm32f4xx.o
 .debug_frame   0x00000000000003a0      0x374 ./Drivers/STM32F4xx_HAL_Driver/Src/stm32f4xx_hal.o
 .debug_frame   0x0000000000000714      0x498 ./Drivers/STM32F4xx_HAL_Driver/Src/stm32f4xx_hal_cortex.o
 .debug_frame   0x0000000000000bac      0x250 ./Drivers/STM32F4xx_HAL_Driver/Src/stm32f4xx_hal_dma.o
 .debug_frame   0x0000000000000dfc      0x14c ./Drivers/STM32F4xx_HAL_Driver/Src/stm32f4xx_hal_gpio.o
 .debug_frame   0x0000000000000f48      0x1f0 ./Drivers/STM32F4xx_HAL_Driver/Src/stm32f4xx_hal_rcc.o
 .debug_frame   0x0000000000001138      0x1e8 ./Drivers/STM32F4xx_HAL_Driver/Src/stm32f4xx_hal_rcc_ex.o
 .debug_frame   0x0000000000001320      0x92c ./Drivers/STM32F4xx_HAL_Driver/Src/stm32f4xx_hal_uart.o
 .debug_frame   0x0000000000001c4c       0x2c c:/st/stm32cubeide_1.8.0/stm32cubeide/plugins/com.st.stm32cube.ide.mcu.externaltools.gnu-tools-for-stm32.9-2020-q2-update.win32_2.0.0.202105311346/tools/bin/../lib/gcc/arm-none-eabi/9.3.1/../../../../arm-none-eabi/lib/thumb/v7e-m+fp/hard\libc_nano.a(lib_a-init.o)
 .debug_frame   0x0000000000001c78       0x20 c:/st/stm32cubeide_1.8.0/stm32cubeide/plugins/com.st.stm32cube.ide.mcu.externaltools.gnu-tools-for-stm32.9-2020-q2-update.win32_2.0.0.202105311346/tools/bin/../lib/gcc/arm-none-eabi/9.3.1/../../../../arm-none-eabi/lib/thumb/v7e-m+fp/hard\libc_nano.a(lib_a-memset.o)
 .debug_frame   0x0000000000001c98       0x2c c:/st/stm32cubeide_1.8.0/stm32cubeide/plugins/com.st.stm32cube.ide.mcu.externaltools.gnu-tools-for-stm32.9-2020-q2-update.win32_2.0.0.202105311346/tools/bin/../lib/gcc/arm-none-eabi/9.3.1/thumb/v7e-m+fp/hard\libgcc.a(_aeabi_uldivmod.o)
 .debug_frame   0x0000000000001cc4       0x34 c:/st/stm32cubeide_1.8.0/stm32cubeide/plugins/com.st.stm32cube.ide.mcu.externaltools.gnu-tools-for-stm32.9-2020-q2-update.win32_2.0.0.202105311346/tools/bin/../lib/gcc/arm-none-eabi/9.3.1/thumb/v7e-m+fp/hard\libgcc.a(_udivmoddi4.o)
