main.c:84:6:flash_testing	16	static
main.c:117:5:main	16	static
main.c:168:6:blink	16	static
main.c:182:7:bootloader_uart_read_data	16	static
main.c:248:6:bootloader_jump_to_user_app1	24	static,ignoring_inline_asm
main.c:269:6:bootloader_jump_to_user_app2	24	static,ignoring_inline_asm
main.c:290:6:bootloader_jump_to_bootloader	24	static,ignoring_inline_asm
main.c:313:7:printmsg	96	static
main.c:328:6:SystemClock_Config	88	static
main.c:384:13:MX_CRC_Init	8	static
main.c:395:13:MX_USART2_UART_Init	8	static
main.c:413:13:MX_USART3_UART_Init	8	static
main.c:438:13:MX_GPIO_Init	48	static
main.c:482:6:_Error_Handler	16	static
main.c:515:6:bootloader_handle_getver_cmd	32	static
main.c:550:6:bootloader_handle_gethelp_cmd	24	static
main.c:575:6:bootloader_handle_getcid_cmd	32	static
main.c:604:6:bootloader_handle_getrdp_cmd	32	static
main.c:633:6:bootloader_handle_go_cmd	40	static
main.c:695:6:bootloader_handle_flash_erase_cmd	32	static
main.c:728:6:bootloader_handle_mem_write_cmd	40	static
main.c:792:6:bootloader_handle_en_rw_protect	32	static
main.c:825:6:bootloader_handle_dis_rw_protect	32	static
main.c:857:6:bootloader_handle_mem_read	16	static
main.c:864:6:bootloader_handle_read_sector_protection_status	32	static
main.c:892:6:bootloader_handle_read_otp	16	static
main.c:899:6:bootloader_send_ack	24	static
main.c:910:6:bootloader_send_nack	16	static
main.c:917:9:bootloader_verify_crc	40	static
main.c:939:6:bootloader_uart_write_data	16	static
main.c:948:9:get_bootloader_version	4	static
main.c:954:10:get_mcu_chip_id	16	static
main.c:972:9:get_flash_rdp_level	16	static
main.c:991:9:verify_address	16	static
main.c:1022:10:execute_flash_erase	48	static
main.c:1071:9:execute_mem_write	32	static
main.c:1099:9:configure_flash_sector_rw_protection	24	static
main.c:1195:10:read_OB_rw_protection_status	40	static
